None
100.0 100.0
100.0 0.0
100.0 100.0
100.0 100.0
100.0 100.0
100.0 100.0
100.0 100.0
100.0 100.0
100.0 100.0
100.0 100.0
100.0 100.0
100.0 100.0
100.0 100.0
100.0 0.0
100.0 100.0
100.0 100.0
100.0 100.0
100.0 0.0
100.0 100.0
100.0 0.0
100.0 100.0
100.0 100.0
100.0 0.0
100.0 100.0
100.0 100.0
100.0 100.0
100.0 100.0
100.0 100.0
100.0 0.0
100.0 100.0
100.0 100.0
100.0 100.0
100.0 100.0
100.0 100.0
100.0 0.0
100.0 100.0
100.0 100.0
100.0 100.0
100.0 100.0
100.0 100.0
100.0 0.0
100.0 100.0
100.0 100.0
100.0 100.0
100.0 100.0
100.0 0.0
100.0 0.0
100.0 100.0
100.0 100.0
100.0 0.0
100.0 100.0
100.0 0.0
100.0 100.0
100.0 100.0
100.0 100.0
100.0 0.0
100.0 100.0
100.0 100.0
100.0 100.0
100.0 0.0
100.0
76.6666666667
